<!DOCTYPE html>
<html>
<head>
	<title>Golden</title>
	
	<link rel="stylesheet" href="https://stackpath.bootstrapcdn.com/bootstrap/4.2.1/css/bootstrap.min.css" integrity="sha384-GJzZqFGwb1QTTN6wy59ffF1BuGJpLSa9DkKMp0DgiMDm4iYMj70gZWKYbI706tWS" crossorigin="anonymous">
	<link rel="stylesheet" type="text/css" href="style.css">
</head>
<body>

	<div class="main">
		<div class="brand">
			<a href="#"><img src="./logo.png"></a>
		</div>
		<div class="menu">
			<ul>
				<li><a href="#">About</a></li>
				<li><a href="#">Services</a></li>
				<li><a href="#">Portofolio</a></li>
				<li><a href="#">About</a></li>
				<li><a href="#">Contact</a></li>
			</ul>
		</div>
		
		<h2>Welcome to our studio!</h2>
		<h1>It'snice to meet you</h1>

		<a class="button" href="#">tell me more</a>

	</div>



	<div class="second container">
		<h3>Services</h3>
		<span>proin iaculis purus consequal sem cure.</span>
		<div class="row">
			<div class="col-md-4 col-sm-12">
				<img class="img-fluid img-center" src="./icon1.png">
				<span class="title"> E-Commerce</span>
				<p>Lorem ipsum dolor sit amet, consectetur adipisicing elit, sed do eiusmod
				tempor incididunt ut labore et dolore magna aliqua.</p>
			</div>

			<div class="col-md-4 col-sm-12">
				<img class="img-fluid img-center" src="./icon2.png">
				<span class="title"> Responsive Web</span>
				<p>Lorem ipsum dolor sit amet, consectetur adipisicing elit, sed do eiusmod
				tempor incididunt ut labore et dolore magna aliqua.</p>
			</div>

			<div class="col-md-4 col-sm-12">
				<img class="img-fluid img-center" src="./icon3.png">
				<span class="title"> Web Security</span>
				<p>Lorem ipsum dolor sit amet, consectetur adipisicing elit, sed do eiusmod
				tempor incididunt ut labore et dolore magna aliqua.</p>
			</div>
		</div>

	</div>

	<div class="container trei">
		<h3>Our portofolio</h3>
		<span>Proin iaculis purus consequalsem cure.</span>
		<div class="row">
			<div class="col-md-4 col-sm-12">
				<img class="img-fluid img-center" src="./img1.jpg">
			</div>
			<div class="col-md-4 col-sm-12">
				<img class="img-fluid img-center" src="./img2.jpg">
			</div>
			<div class="col-md-4 col-sm-12">
				<img class="img-fluid img-center" src="./img3.jpg">
			</div>
		</div>	
	</div> 
	<div class="container patru">
		<h3>About us</h3>
		<span>Proin iaculis purus consequalsem cure.</span>
			<div class="row">
				<div class="col-md-5 col-sm-12 order-sm-12  order-md-1 left">
					<span class="titlel"> JULY 2010 <br> Our Huble beinnings</span>
					<p>Lorem ipsum dolor sit amet, consectetur adipisicing elit, sed do eiusmod
					tempor incididunt ut labore et dolore magna aliqua.Lorem ipsum dolor sit amet, consectetur adipisicing elit, sed do eiusmod
					tempor incididunt ut labore et dolore magna aliqua.</p>
				</div>
				<div class="col-md-2 col-sm-12 order-sm-1 order-md-1"><img class="img-fluid img-center	" src="./about1.jpg"></div>
				<div class="col-md-5 col-sm-12  order-md-12"></div>	
			</div>

			<div class="row">
				<div class="col-md-5 col-sm-12"></div>
				<div class="col-md-2 col-sm-12 "><img class="img-fluid img-center" src="./about2.jpg"></div>
				<div class="col-md-5 col-sm-12 right">		
					<div class="text">
						<span class="titler"> JANUARY 2011 <br> Facind Startup Battles</span>
						<p>Lorem ipsum dolor sit amet, consectetur adipisicing elit, sed do eiusmod
						tempor incididunt ut labore et dolore magna aliqua.Lorem ipsum dolor sit amet, consectetur adipisicing elit, sed do eiusmod
						tempor incididunt ut labore et dolore magna aliqua.</p>
					</div>
				</div>
			</div>

			<div class="row">
				<div class="col-md-5 col-sm-12  order-sm-12  order-md-1 left">
					<span class="titlel"> DECEMBER 2012 <br>Enter The Dark Days</span>
					<p>Lorem ipsum dolor sit amet, consectetur adipisicing elit, sed do eiusmod
					tempor incididunt ut labore et dolore magna aliqua.Lorem ipsum dolor sit amet, consectetur adipisicing elit, sed do eiusmod
					tempor incididunt ut labore et dolore magna aliqua.</p></div>
				<div class="col-md-2 col-sm-12  order-sm-1 "><img class="img-fluid img-center" src="./about3.jpg"></div>
				<div class="col-md-5 col-sm-12  order-md-12"></div>
			</div>

			<div class="row">
				<div class="col-md-5 col-sm-12"></div>
				<div class="col-md-2 col-sm-12"><img class="img-fluid img-center" src="./about4.jpg"></div>
				<div class="col-md-5 col-sm-12 right">		
					<div class="text">
						<span class="titler"> FEBRUARY 2014 <br>Our Triumph</span>
						<p>Lorem ipsum dolor sit amet, consectetur adipisicing elit, sed do eiusmod
						tempor incididunt ut labore et dolore magna aliqua.Lorem ipsum dolor sit amet, consectetur adipisicing elit, sed do eiusmod
						tempor incididunt ut labore et dolore magna aliqua.</p>
					</div>
				</div>
			</div>
	</div> 
	



</body>
</html>